success
success
success
success
success
z//0 x//1 y//1