success
success
success
success
w//2 z//1 y//0 x//0